// Jest Snapshot v1, https://goo.gl/fbAQLP

exports[`renders without crashing 1`] = `
<div
  className="app-content"
>
  <div
    className="text-center my-12"
  >
    <h1
      className="text-5xl my-8"
    >
      ROBOPADDIES
    </h1>
    <SearchBar
      searchChange={[Function]}
    />
  </div>
  <hr
    className="border-green-200"
  />
</div>
`;
